{
    "board": {
        "name": "test board",
        "color": "#cccccc"
    }
}
