{
    "card": {
        "projectId": 967489
    }
}
