{
    "column": {
        "color": "#cccccc",
        "name": "test board"
    }
}
