{
    "file": {
        "pendingFileRef": "test",
        "grant-access-to": ""
    }
}
