{
    "person": {
        "email-address": "tes@gmail.com",
        "first-name": "Developer",
        "last-name": "Teamwork"
    }
}
