{
    "todo-list": {
        "name": "Test"
    },
    "applyDefaultsToExistingTasks": true
}
