{
    "file": {
        "pendingFileRef": "test",
        "grant-access-to": "1"
    }
}
