{
    "file": {
        "pendingFileRef": "test",
        "grant-access-to": "1,2,3"
    }
}
