{
    "file": {
        "pendingFileRef": "tf_3d9cfae3-65f7-4ff8-8bf5-ca0512de600a,tf_3d9cfae3-65f7-4ff8-8bf5-ca0512de600a"
    }
}
