{
    "invoice": {
        "description": "Bla, Bla, Bla",
        "number": "100",
        "display-date": "20250101"
    }
}
