{
    "link": {
        "code": "http:\/\/developer.teamworkpm.net",
        "description": "Bla, Bla, Bla",
        "width": "300",
        "height": "300",
        "name": "Test Link",
        "private": false
    }
}
