{
    "post": {
        "title": "Test message updated",
        "body": "<b>Nada<\/b>, <i>nada<\/i>, nada",
        "category-id": "0",
        "private": ""
    }
}
