{
    "notebook": {
        "name": "Updated Notebook Name",
        "content": "<b>Nada<\/b>, <i>nada<\/i>, nada",
        "description": "Bla, Bla, Bla",
        "category-id": 0,
        "notify": "",
        "private": 0
    }
}
