{
    "person": {
        "email-address": "test@hotmail.com",
        "first-name": "Test",
        "last-name": "User"
    }
}
