{
    "rates": {
        "project-default": 1,
        "users": {
            "391604": {
                "rate": 5
            }
        }
    }
}
