{
    "role": {
        "users": "391604",
        "name": "Updated Role",
        "description": "Updated description for testing unit tests"
    }
}
