{
    "role": {
        "users": "391604",
        "name": "Test Role",
        "description": "Test role for testing unit tests"
    }
}
