{
    "tag": {
        "name": "Test Tag",
        "color": "#ae00da"
    }
}
