{
    "tagIds": 256052,
    "removeProvidedTags": true
}
