{
    "todo-item": {
        "content": "Change content",
        "customFields": []
    }
}
