{
    "todo-item": {
        "content": "Sub task"
    }
}
