{
    "team": {
        "name": "Test Team",
        "description": "Description of Test Team"
    }
}
