{
    "userStatus": {
        "status": "Test me status",
        "notify": ""
    }
}
