{
    "userStatus": {
        "status": "Test me status updated",
        "notify": ""
    }
}
