{
    "userStatus": {
        "status": "Test people status",
        "notify": false
    }
}
