{
    "messagereply": {
        "body": "Reply message",
        "notify": "ALL"
    }
}
