{
    "todo-lists": {
        "todo-list": [
            {
                "id": 1
            },
            {
                "id": 2
            },
            {
                "id": 2
            }
        ]
    }
}
