{
    "project": {
        "name": "Test Project",
        "description": "Description of Test Project",
        "use-tasks": true
    }
}
