{
    "customfield": {
        "name": "Test Field",
        "entity": "project",
        "type": "text-short",
        "description": "A custom field description"
    }
}
