{
    "customfield": {
        "name": "Test field",
        "entity": "project",
        "type": "text-short",
        "description": "Updated description"
    }
}
